
> @network/maine-cannabis@1.0.0 build
> node -e "require('fs').rmSync('.vercel/output',{recursive:true,force:true})" && NODE_PATH=../node_modules astro build && node -e "const fs=require('fs');const src='.vercel/output/static';const dst='../../dist';if(fs.existsSync(src)){fs.rmSync(dst,{recursive:true,force:true});fs.cpSync(src,dst,{recursive:true});console.log('Copied clean output to '+dst);}"

23:33:38 [types] Generated 24ms
23:33:38 [build] output: "static"
23:33:38 [build] mode: "server"
23:33:38 [build] directory: /home/steve/maine-dispensary-guide/apps/maine-cannabis/dist/
23:33:38 [build] adapter: @astrojs/vercel
23:33:38 [build] Collecting build info...
23:33:38 [build] ✓ Completed in 51ms.
23:33:38 [build] Building server entrypoints...
23:33:40 [vite] ✓ built in 2.65s
23:33:41 [vite] ✓ built in 276ms
23:33:41 [vite] ✓ built in 39ms

 prerendering static routes 
23:33:41   ├─ /404.html (+10ms) 
23:33:41   ├─ /4a00ca05232c46f3badda7f9f2e0e296.txt23:33:41 [WARN] [build] Skipping src/pages/4a00ca05232c46f3badda7f9f2e0e296.txt.ts because a file with the same name exists in the public folder: 4a00ca05232c46f3badda7f9f2e0e296.txt
 (+1ms) (file not created, response body was empty)
23:33:41   ├─ /about/authors/index.html (+2ms) 
23:33:41   ├─ /about/our-team/index.html (+2ms) 
23:33:41   ├─ /about/index.html (+2ms) 
23:33:41   ├─ /all-guides/index.html (+2ms) 
23:33:41   ├─ /blog/ibogaine-federal-executive-order-maine-2026/index.html (+2ms) 
23:33:41   ├─ /blog/maine-cannabis-cultivation-license-2026/index.html (+2ms) 
23:33:41   ├─ /blog/maine-cannabis-delivery-business-guide-2026/index.html (+3ms) 
23:33:41   ├─ /blog/maine-cannabis-microbusiness-license-2026/index.html (+3ms) 
23:33:41   ├─ /blog/maine-cannabis-social-equity-program-2026/index.html (+2ms) 
23:33:41   ├─ /blog/maine-dispensary-how-to-open/index.html (+2ms) 
23:33:41   ├─ /blog/maine-dispensary-roi-what-to-expect-2026/index.html (+2ms) 
23:33:41   ├─ /blog/maine-home-grow-cannabis-guide-2026/index.html (+2ms) 
23:33:41   ├─ /blog/maine-medical-cannabis-pesticide-advisory-2026/index.html (+2ms) 
23:33:41   ├─ /blog/maine-medical-patient-delivery-services-2026/index.html (+2ms) 
23:33:41   ├─ /blog/maine-psilocybin-2026-guide/index.html (+4ms) 
23:33:41   ├─ /blog/portland-maine-cannabis-rules-2026/index.html (+2ms) 
23:33:41   ├─ /blog/trump-psychedelic-executive-order-maine-psilocybin-2026/index.html (+2ms) 
23:33:41   ├─ /blog/index.html (+1ms) 
23:33:41   ├─ /contact/index.html (+2ms) 
23:33:41   ├─ /directory/index.html (+1ms) 
23:33:41   ├─ /download/compliance-self-assessment/index.html (+1ms) 
23:33:41   ├─ /download/founders-bible/index.html (+1ms) 
23:33:41   ├─ /download/metrc-reconciliation-checklist/index.html (+1ms) 
23:33:41   ├─ /download/roadmap/index.html (+1ms) 
23:33:41   ├─ /download-checklist/index.html (+1ms) 
23:33:41   ├─ /experiments/index.html (+2ms) 
23:33:41   ├─ /find-a-dispensary/index.html (+2ms) 
23:33:41   ├─ /founders/maine-cannabis-founder-coastal-shop/index.html (+1ms) 
23:33:41   ├─ /founders/maine-cannabis-founder-portland-flagship/index.html (+1ms) 
23:33:41   ├─ /founders/maine-cannabis-founder-rural-cultivator/index.html (+1ms) 
23:33:41   ├─ /founders/index.html (+1ms) 
23:33:41   ├─ /glossary/index.html (+1ms) 
23:33:41   ├─ /guides/alfred-dispensary-guide/index.html (+2ms) 
23:33:41   ├─ /guides/arundel-dispensary-guide/index.html (+3ms) 
23:33:41   ├─ /guides/auburn-dispensary-guide/index.html (+2ms) 
23:33:41   ├─ /guides/augusta-dispensary-guide/index.html (+2ms) 
23:33:41   ├─ /guides/baldwin-dispensary-guide/index.html (+1ms) 
23:33:41   ├─ /guides/bangor-dispensary-guide/index.html (+2ms) 
23:33:41   ├─ /guides/belfast-dispensary-guide/index.html (+1ms) 
23:33:41   ├─ /guides/bethel-dispensary-guide/index.html (+2ms) 
23:33:41   ├─ /guides/biddeford-dispensary-guide/index.html (+2ms) 
23:33:41   ├─ /guides/boothbay-dispensary-guide/index.html (+2ms) 
23:33:41   ├─ /guides/bridgton-dispensary-guide/index.html (+1ms) 
23:33:41   ├─ /guides/brownfield-dispensary-guide/index.html (+2ms) 
23:33:41   ├─ /guides/brunswick-dispensary-guide/index.html (+2ms) 
23:33:41   ├─ /guides/buxton-dispensary-guide/index.html (+1ms) 
23:33:41   ├─ /guides/camden-dispensary-guide/index.html (+1ms) 
23:33:41   ├─ /guides/casco-dispensary-guide/index.html (+2ms) 
23:33:41   ├─ /guides/cornish-dispensary-guide/index.html (+1ms) 
23:33:41   ├─ /guides/damariscotta-dispensary-guide/index.html (+1ms) 
23:33:41   ├─ /guides/denmark-dispensary-guide/index.html (+2ms) 
23:33:41   ├─ /guides/faq/index.html (+2ms) 
23:33:41   ├─ /guides/farmington-dispensary-guide/index.html (+3ms) 
23:33:41   ├─ /guides/freedom-dispensary-guide/index.html (+1ms) 
23:33:41   ├─ /guides/freeport-dispensary-guide/index.html (+1ms) 
23:33:41   ├─ /guides/fryeburg-dispensary-guide/index.html (+1ms) 
23:33:41   ├─ /guides/gardiner-dispensary-guide/index.html (+2ms) 
23:33:41   ├─ /guides/gray-dispensary-guide/index.html (+2ms) 
23:33:41   ├─ /guides/harrison-dispensary-guide/index.html (+1ms) 
23:33:41   ├─ /guides/hiram-dispensary-guide/index.html (+1ms) 
23:33:41   ├─ /guides/hollis-dispensary-guide/index.html (+1ms) 
23:33:41   ├─ /guides/kennebunk-dispensary-guide/index.html (+1ms) 
23:33:41   ├─ /guides/kennebunkport-dispensary-guide/index.html (+2ms) 
23:33:41   ├─ /guides/kittery-dispensary-guide/index.html (+2ms) 
23:33:41   ├─ /guides/lewiston-dispensary-guide/index.html (+2ms) 
23:33:41   ├─ /guides/limerick-dispensary-guide/index.html (+1ms) 
23:33:41   ├─ /guides/limington-dispensary-guide/index.html (+1ms) 
23:33:41   ├─ /guides/lisbon-dispensary-guide/index.html (+1ms) 
23:33:41   ├─ /guides/lovell-dispensary-guide/index.html (+1ms) 
23:33:41   ├─ /guides/lyman-dispensary-guide/index.html (+1ms) 
23:33:41   ├─ /guides/maine-cannabis-280e-guide/index.html (+3ms) 
23:33:41   ├─ /guides/maine-cannabis-banking-solutions/index.html (+2ms) 
23:33:41   ├─ /guides/maine-cannabis-business-insurance/index.html (+2ms) 
23:33:41   ├─ /guides/maine-cannabis-caregiver-guide/index.html (+2ms) 
23:33:41   ├─ /guides/maine-cannabis-commercial-lease-guide/index.html (+2ms) 
23:33:41   ├─ /guides/maine-cannabis-cultivation-guide/index.html (+2ms) 
23:33:41   ├─ /guides/maine-cannabis-delivery-rules/index.html (+1ms) 
23:33:41   ├─ /guides/maine-cannabis-edibles-compliance/index.html (+2ms) 
23:33:41   ├─ /guides/maine-cannabis-events-2026/index.html (+1ms) 
23:33:41   ├─ /guides/maine-cannabis-extraction-licensing/index.html (+2ms) 
23:33:41   ├─ /guides/maine-cannabis-funding-guide/index.html (+2ms) 
23:33:41   ├─ /guides/maine-cannabis-inventory-management/index.html (+2ms) 
23:33:41   ├─ /guides/maine-cannabis-license-denied/index.html (+2ms) 
23:33:41   ├─ /guides/maine-cannabis-market/index.html (+1ms) 
23:33:41   ├─ /guides/maine-cannabis-marketing-compliance/index.html (+2ms) 
23:33:41   ├─ /guides/maine-cannabis-municipal-opt-in-guide/index.html (+2ms) 
23:33:41   ├─ /guides/maine-cannabis-opt-in-tracker/index.html (+2ms) 
23:33:41   ├─ /guides/maine-cannabis-product-testing-guide/index.html (+3ms) 
23:33:41   ├─ /guides/maine-cannabis-real-estate/index.html (+2ms) 
23:33:41   ├─ /guides/maine-cannabis-regulations/index.html (+1ms) 
23:33:41   ├─ /guides/maine-cannabis-school-buffer/index.html (+2ms) 
23:33:41   ├─ /guides/maine-cannabis-site-selection/index.html (+2ms) 
23:33:41   ├─ /guides/maine-cannabis-staffing-licensing/index.html (+2ms) 
23:33:41   ├─ /guides/maine-cannabis-taxation-280e/index.html (+2ms) 
23:33:41   ├─ /guides/maine-cannabis-taxes-2026/index.html (+2ms) 
23:33:41   ├─ /guides/maine-cannabis-vendor-directory/index.html (+1ms) 
23:33:41   ├─ /guides/maine-cannabis-vertical-integration/index.html (+2ms) 
23:33:41   ├─ /guides/maine-cannabis-waste-management/index.html (+2ms) 
23:33:41   ├─ /guides/maine-cannabis-wholesale-guide/index.html (+2ms) 
23:33:41   ├─ /guides/maine-cannabis-workers-comp-insurance/index.html (+2ms) 
23:33:41   ├─ /guides/maine-cannabis-zoning-requirements/index.html (+2ms) 
23:33:41   ├─ /guides/maine-conditional-use-permit/index.html (+2ms) 
23:33:41   ├─ /guides/maine-dispensary-business-plan/index.html (+2ms) 
23:33:41   ├─ /guides/maine-dispensary-costs/index.html (+3ms) 
23:33:41   ├─ /guides/maine-dispensary-hiring/index.html (+2ms) 
23:33:41   ├─ /guides/maine-dispensary-license/index.html (+2ms) 
23:33:41   ├─ /guides/maine-dispensary-locations/index.html (+1ms) 
23:33:41   ├─ /guides/maine-dispensary-packaging/index.html (+2ms) 
23:33:41   ├─ /guides/maine-dispensary-pos/index.html (+2ms) 
23:33:41   ├─ /guides/maine-dispensary-security/index.html (+2ms) 
23:33:41   ├─ /guides/maine-metrc-compliance-guide/index.html (+2ms) 
23:33:41   ├─ /guides/maine-municipal-approval-checklist/index.html (+2ms) 
23:33:41   ├─ /guides/maine-ocp-license-map/index.html (+1ms) 
23:33:41   ├─ /guides/naples-dispensary-guide/index.html (+1ms) 
23:33:41   ├─ /guides/norway-dispensary-guide/index.html (+1ms) 
23:33:41   ├─ /guides/ogunquit-dispensary-guide/index.html (+2ms) 
23:33:41   ├─ /guides/old-orchard-beach-dispensary-guide/index.html (+2ms) 
23:33:41   ├─ /guides/parsonsfield-dispensary-guide/index.html (+2ms) 
23:33:41   ├─ /guides/porter-dispensary-guide/index.html (+1ms) 
23:33:41   ├─ /guides/portland-dispensary-guide/index.html (+2ms) 
23:33:41   ├─ /guides/portland-maine-cannabis/index.html (+3ms) 
23:33:41   ├─ /guides/raymond-dispensary-guide/index.html (+1ms) 
23:33:41   ├─ /guides/rockland-dispensary-guide/index.html (+1ms) 
23:33:41   ├─ /guides/saco-dispensary-guide/index.html (+1ms) 
23:33:41   ├─ /guides/sanford-dispensary-guide/index.html (+1ms) 
23:33:41   ├─ /guides/scarborough-dispensary-guide/index.html (+2ms) 
23:33:41   ├─ /guides/sebago-dispensary-guide/index.html (+2ms) 
23:33:41   ├─ /guides/sebago-lakes-region-dispensary-guide/index.html (+1ms) 
23:33:41   ├─ /guides/south-portland-dispensary-guide/index.html (+2ms) 
23:33:41   ├─ /guides/standish-dispensary-guide/index.html (+1ms) 
23:33:41   ├─ /guides/waterboro-dispensary-guide/index.html (+1ms) 
23:33:41   ├─ /guides/waterford-dispensary-guide/index.html (+1ms) 
23:33:41   ├─ /guides/waterville-dispensary-guide/index.html (+1ms) 
23:33:41   ├─ /guides/wells-dispensary-guide/index.html (+1ms) 
23:33:41   ├─ /guides/westbrook-dispensary-guide/index.html (+2ms) 
23:33:41   ├─ /guides/western-maine-lakes-dispensary-guide/index.html (+1ms) 
23:33:41   ├─ /guides/windham-dispensary-guide/index.html (+1ms) 
23:33:41   ├─ /guides/york-dispensary-guide/index.html (+1ms) 
23:33:41   ├─ /guides/index.html (+4ms) 
23:33:41   ├─ /launch-checklist/index.html (+2ms) 
23:33:41   ├─ /market-stats/index.html (+1ms) 
23:33:41   ├─ /newsletter/index.html (+2ms) 
23:33:41   ├─ /privacy/index.html (+1ms) 
23:33:41   ├─ /resources/maine-cannabis-education/index.html (+2ms) 
23:33:41   ├─ /resources/maine-cannabis-official-resources/index.html (+2ms) 
23:33:41   ├─ /resources/index.html (+9ms) 
23:33:41   ├─ /roi-calculator/index.html (+2ms) 
23:33:41   ├─ /search/index.html (+1ms) 
23:33:41   ├─ /site-health/index.html (+1ms) 
23:33:41   ├─ /start-here/index.html (+2ms) 
23:33:41   ├─ /index.html (+2ms) 
23:33:41 ✓ Completed in 299ms.

23:33:41 [build] Rearranging server assets...
23:33:41 [build] ✓ Completed in 3.29s.
23:33:41 [@astrojs/vercel] Bundling function ../../../../dist/server/entry.mjs
23:33:41 [@astrojs/sitemap] `sitemap-index.xml` created at `dist/client`
23:33:41 [@astrojs/vercel] Copying static files to .vercel/output/static
23:33:41 [build] Server built in 3.80s
23:33:41 [build] Complete!
Copied clean output to ../../dist
